Teams: ['1leven-r2200', 'archaludon-corv', 'chiku-r2300', 'chikuko', 'cr7-r2300', 'daisangen-r2500', 'garashi-r2100', 'gray-r2001', 'gusha-r2200', 'howarori-r2200', 'howarori-r2400', 'karbain-greninja', 'key-r2400', 'kurifuto-r2200', 'mana-r2300', 'mega-gengar-team', 'mega-kangaskhan-team', 'mega-scizor-team', 'mega-venusaur-charizardx', 'noname-champ', 'rb-neko-r2001', 'sand-mega-gyarados', 'sato-r2300', 'screenshot-team', 'shioinu-r2400', 'suzu-r2400', 'template-a-dragonite', 'template-b-gyarados', 'template-c-hippo', 'teramatsu-r2100', 'unaware-wall-r2400', 'yumenonaka-r2100']
p1: screenshot-team, opponent pool: 31 teams
Using selection model: models/selection_best.zip
LR schedule: 0.0003 → 3e-05 (linear decay)
Starting fresh MaskablePPO

============================================================
Training to 5000 steps...
Evaluating at 5000 steps (7.2min elapsed)...
  Overall: 48/96 = 50%
    vs 1leven-r2200: 3/3
    vs archaludon-corv: 0/3
    vs chiku-r2300: 3/3
    vs chikuko: 1/3
    vs cr7-r2300: 3/3
    vs daisangen-r2500: 0/3
    vs garashi-r2100: 0/3
    vs gray-r2001: 0/3
    vs gusha-r2200: 0/3
    vs howarori-r2200: 0/3
    vs howarori-r2400: 3/3
    vs karbain-greninja: 1/3
    vs key-r2400: 2/3
    vs kurifuto-r2200: 0/3
    vs mana-r2300: 1/3
    vs mega-gengar-team: 1/3
    vs mega-kangaskhan-team: 2/3
    vs mega-scizor-team: 3/3
    vs mega-venusaur-charizardx: 2/3
    vs noname-champ: 3/3
    vs rb-neko-r2001: 1/3
    vs sand-mega-gyarados: 2/3
    vs sato-r2300: 0/3
    vs screenshot-team: 0/3
    vs shioinu-r2400: 2/3
    vs suzu-r2400: 0/3
    vs template-a-dragonite: 3/3
    vs template-b-gyarados: 1/3
    vs template-c-hippo: 3/3
    vs teramatsu-r2100: 2/3
    vs unaware-wall-r2400: 3/3
    vs yumenonaka-r2100: 3/3
  ★ New best: 50%

============================================================
Training to 10000 steps...
Evaluating at 10000 steps (16.2min elapsed)...
  Overall: 52/96 = 54%
    vs 1leven-r2200: 3/3
    vs archaludon-corv: 0/3
    vs chiku-r2300: 3/3
    vs chikuko: 0/3
    vs cr7-r2300: 3/3
    vs daisangen-r2500: 2/3
    vs garashi-r2100: 0/3
    vs gray-r2001: 1/3
    vs gusha-r2200: 0/3
    vs howarori-r2200: 0/3
    vs howarori-r2400: 2/3
    vs karbain-greninja: 0/3
    vs key-r2400: 3/3
    vs kurifuto-r2200: 0/3
    vs mana-r2300: 0/3
    vs mega-gengar-team: 3/3
    vs mega-kangaskhan-team: 1/3
    vs mega-scizor-team: 3/3
    vs mega-venusaur-charizardx: 2/3
    vs noname-champ: 3/3
    vs rb-neko-r2001: 1/3
    vs sand-mega-gyarados: 2/3
    vs sato-r2300: 0/3
    vs screenshot-team: 0/3
    vs shioinu-r2400: 2/3
    vs suzu-r2400: 3/3
    vs template-a-dragonite: 3/3
    vs template-b-gyarados: 0/3
    vs template-c-hippo: 3/3
    vs teramatsu-r2100: 3/3
    vs unaware-wall-r2400: 3/3
    vs yumenonaka-r2100: 3/3
  ★ New best: 54%

============================================================
Training to 15000 steps...
Evaluating at 15000 steps (25.4min elapsed)...
  Overall: 54/96 = 56%
    vs 1leven-r2200: 3/3
    vs archaludon-corv: 0/3
    vs chiku-r2300: 3/3
    vs chikuko: 1/3
    vs cr7-r2300: 3/3
    vs daisangen-r2500: 1/3
    vs garashi-r2100: 0/3
    vs gray-r2001: 1/3
    vs gusha-r2200: 0/3
    vs howarori-r2200: 0/3
    vs howarori-r2400: 2/3
    vs karbain-greninja: 0/3
    vs key-r2400: 1/3
    vs kurifuto-r2200: 0/3
    vs mana-r2300: 1/3
    vs mega-gengar-team: 3/3
    vs mega-kangaskhan-team: 1/3
    vs mega-scizor-team: 3/3
    vs mega-venusaur-charizardx: 3/3
    vs noname-champ: 3/3
    vs rb-neko-r2001: 2/3
    vs sand-mega-gyarados: 3/3
    vs sato-r2300: 1/3
    vs screenshot-team: 1/3
    vs shioinu-r2400: 0/3
    vs suzu-r2400: 2/3
    vs template-a-dragonite: 3/3
    vs template-b-gyarados: 1/3
    vs template-c-hippo: 3/3
    vs teramatsu-r2100: 3/3
    vs unaware-wall-r2400: 3/3
    vs yumenonaka-r2100: 3/3
  ★ New best: 56%

============================================================
Training complete: 27.0min

Progression:
    5000 steps: 50% (7.2min)
    10000 steps: 54% (16.2min)
    15000 steps: 56% (25.4min)

Best model: ppo_masked_best (56%)
