Loading selection model: models/selection_best
Loading battle model: models/ppo_masked_best

============================================================
Round 1/5

  [A] Training selection (2000 steps)...
  [B] Training battle (2000 steps)...
  Evaluating...
  Round 1: 53/70 = 76% (40.0min)
    vs example-team: 10/10
    vs mega-gengar-team: 8/10
    vs mega-kangaskhan-team: 10/10
    vs mega-scizor-team: 7/10
    vs mega-venusaur-charizardx: 8/10
    vs sand-mega-gyarados: 10/10
    vs screenshot-team: 0/10
  ★ New best: 76%

============================================================
Round 2/5

  [A] Training selection (2000 steps)...
  [B] Training battle (2000 steps)...
  Evaluating...
  Round 2: 62/70 = 89% (79.9min)
    vs example-team: 10/10
    vs mega-gengar-team: 8/10
    vs mega-kangaskhan-team: 10/10
    vs mega-scizor-team: 9/10
    vs mega-venusaur-charizardx: 9/10
    vs sand-mega-gyarados: 10/10
    vs screenshot-team: 6/10
  ★ New best: 89%

============================================================
Round 3/5

  [A] Training selection (2000 steps)...
  [B] Training battle (2000 steps)...
  Evaluating...
  Round 3: 58/70 = 83% (124.0min)
    vs example-team: 10/10
    vs mega-gengar-team: 9/10
    vs mega-kangaskhan-team: 10/10
    vs mega-scizor-team: 10/10
    vs mega-venusaur-charizardx: 9/10
    vs sand-mega-gyarados: 9/10
    vs screenshot-team: 1/10

============================================================
Round 4/5

  [A] Training selection (2000 steps)...
