Teams: ['1leven-r2200', 'archaludon-corv', 'chiku-r2300', 'chikuko', 'cr7-r2300', 'daisangen-r2500', 'garashi-r2100', 'gray-r2001', 'gusha-r2200', 'howarori-r2200', 'howarori-r2400', 'karbain-greninja', 'key-r2400', 'kurifuto-r2200', 'mana-r2300', 'mega-gengar-team', 'mega-kangaskhan-team', 'mega-scizor-team', 'mega-venusaur-charizardx', 'noname-champ', 'rb-neko-r2001', 'sand-mega-gyarados', 'sato-r2300', 'screenshot-team', 'shioinu-r2400', 'suzu-r2400', 'template-a-dragonite', 'template-b-gyarados', 'template-c-hippo', 'teramatsu-r2100', 'unaware-wall-r2400', 'yumenonaka-r2100']
p1: screenshot-team, opponent pool: 31 teams
LR schedule: 0.0003 -> 3e-05
Starting fresh MaskablePPO for selection

Evaluating heuristic baseline...
Heuristic baseline: 166/320 = 52%
  vs 1leven-r2200: 4/10
  vs archaludon-corv: 8/10
  vs chiku-r2300: 9/10
  vs chikuko: 10/10
  vs cr7-r2300: 7/10
  vs daisangen-r2500: 0/10
  vs garashi-r2100: 10/10
  vs gray-r2001: 4/10
  vs gusha-r2200: 10/10
  vs howarori-r2200: 2/10
  vs howarori-r2400: 0/10
  vs karbain-greninja: 1/10
  vs key-r2400: 10/10
  vs kurifuto-r2200: 4/10
  vs mana-r2300: 8/10
  vs mega-gengar-team: 10/10
  vs mega-kangaskhan-team: 7/10
  vs mega-scizor-team: 0/10
  vs mega-venusaur-charizardx: 10/10
  vs noname-champ: 1/10
  vs rb-neko-r2001: 8/10
  vs sand-mega-gyarados: 0/10
  vs sato-r2300: 1/10
  vs screenshot-team: 6/10
  vs shioinu-r2400: 10/10
  vs suzu-r2400: 0/10
  vs template-a-dragonite: 5/10
  vs template-b-gyarados: 1/10
  vs template-c-hippo: 1/10
  vs teramatsu-r2100: 0/10
  vs unaware-wall-r2400: 10/10
  vs yumenonaka-r2100: 9/10

============================================================
Training to 1000 steps...
Evaluating at 1000 steps (18.2min elapsed)...
  Overall: 224/320 = 70%
    vs 1leven-r2200: 10/10
    vs archaludon-corv: 5/10
    vs chiku-r2300: 10/10
    vs chikuko: 10/10
    vs cr7-r2300: 6/10
    vs daisangen-r2500: 10/10
    vs garashi-r2100: 10/10
    vs gray-r2001: 10/10
    vs gusha-r2200: 3/10
    vs howarori-r2200: 10/10
    vs howarori-r2400: 0/10
    vs karbain-greninja: 9/10
    vs key-r2400: 8/10
    vs kurifuto-r2200: 9/10
    vs mana-r2300: 6/10
    vs mega-gengar-team: 9/10
    vs mega-kangaskhan-team: 10/10
    vs mega-scizor-team: 0/10
    vs mega-venusaur-charizardx: 10/10
    vs noname-champ: 6/10
    vs rb-neko-r2001: 4/10
    vs sand-mega-gyarados: 10/10
    vs sato-r2300: 0/10
    vs screenshot-team: 1/10
    vs shioinu-r2400: 10/10
    vs suzu-r2400: 10/10
    vs template-a-dragonite: 5/10
    vs template-b-gyarados: 7/10
    vs template-c-hippo: 10/10
    vs teramatsu-r2100: 2/10
    vs unaware-wall-r2400: 10/10
    vs yumenonaka-r2100: 4/10
  ★ New best: 70%

============================================================
Training to 2000 steps...
Evaluating at 2000 steps (41.4min elapsed)...
  Overall: 245/320 = 77%
    vs 1leven-r2200: 10/10
    vs archaludon-corv: 10/10
    vs chiku-r2300: 9/10
    vs chikuko: 9/10
    vs cr7-r2300: 8/10
    vs daisangen-r2500: 8/10
    vs garashi-r2100: 10/10
    vs gray-r2001: 4/10
    vs gusha-r2200: 1/10
    vs howarori-r2200: 7/10
    vs howarori-r2400: 0/10
    vs karbain-greninja: 10/10
    vs key-r2400: 5/10
    vs kurifuto-r2200: 10/10
    vs mana-r2300: 6/10
    vs mega-gengar-team: 10/10
    vs mega-kangaskhan-team: 10/10
    vs mega-scizor-team: 1/10
    vs mega-venusaur-charizardx: 10/10
    vs noname-champ: 8/10
    vs rb-neko-r2001: 10/10
    vs sand-mega-gyarados: 2/10
    vs sato-r2300: 10/10
    vs screenshot-team: 10/10
    vs shioinu-r2400: 10/10
    vs suzu-r2400: 2/10
    vs template-a-dragonite: 8/10
    vs template-b-gyarados: 9/10
    vs template-c-hippo: 10/10
    vs teramatsu-r2100: 8/10
    vs unaware-wall-r2400: 10/10
    vs yumenonaka-r2100: 10/10
  ★ New best: 77%

============================================================
Training to 3000 steps...
Evaluating at 3000 steps (64.5min elapsed)...
  Overall: 232/320 = 72%
    vs 1leven-r2200: 10/10
    vs archaludon-corv: 10/10
    vs chiku-r2300: 9/10
    vs chikuko: 8/10
    vs cr7-r2300: 9/10
    vs daisangen-r2500: 6/10
    vs garashi-r2100: 10/10
    vs gray-r2001: 5/10
    vs gusha-r2200: 2/10
    vs howarori-r2200: 7/10
    vs howarori-r2400: 0/10
    vs karbain-greninja: 10/10
    vs key-r2400: 2/10
    vs kurifuto-r2200: 10/10
    vs mana-r2300: 8/10
    vs mega-gengar-team: 8/10
    vs mega-kangaskhan-team: 9/10
    vs mega-scizor-team: 2/10
    vs mega-venusaur-charizardx: 10/10
    vs noname-champ: 6/10
    vs rb-neko-r2001: 10/10
    vs sand-mega-gyarados: 3/10
    vs sato-r2300: 8/10
    vs screenshot-team: 9/10
    vs shioinu-r2400: 10/10
    vs suzu-r2400: 2/10
    vs template-a-dragonite: 5/10
    vs template-b-gyarados: 8/10
    vs template-c-hippo: 10/10
    vs teramatsu-r2100: 7/10
    vs unaware-wall-r2400: 9/10
    vs yumenonaka-r2100: 10/10
  No improvement (1/10)

============================================================
Training complete: 69.6min

Progression:
    1000 steps: 70% (18.2min)
    2000 steps: 77% (41.4min)
    3000 steps: 72% (64.5min)

Heuristic baseline: 52%
Best selection RL: 77%
