Training to 1000 steps...
1000 steps: 58/70 = 83% (21.2min)
  vs example-team: 9/10
  vs mega-gengar-team: 9/10
  vs mega-kangaskhan-team: 10/10
  vs mega-scizor-team: 9/10
  vs mega-venusaur-charizardx: 9/10
  vs sand-mega-gyarados: 10/10
  vs screenshot-team: 2/10
  ★ New best: 83%
Training to 2000 steps...
2000 steps: 53/70 = 76% (42.7min)
  vs example-team: 9/10
  vs mega-gengar-team: 7/10
  vs mega-kangaskhan-team: 10/10
  vs mega-scizor-team: 10/10
  vs mega-venusaur-charizardx: 7/10
  vs sand-mega-gyarados: 10/10
  vs screenshot-team: 0/10
Training to 3000 steps...
