Self-play training: 9 rounds, 2000 steps/round
Initial models: models/sel_selfplay, models/bat_selfplay

============================================================
Round 1/9
  Opponent: v1 (of 2 versions)
  [A] Training selection (2000 steps)...
  [B] Training battle (2000 steps)...
  Evaluating...
  Round 1: vs heuristic 60%, vs self(v1) 65% (39.3min)
    vs example-team: 10/10
    vs mega-gengar-team: 4/10
    vs mega-kangaskhan-team: 10/10
    vs mega-scizor-team: 1/10
    vs mega-venusaur-charizardx: 10/10
    vs sand-mega-gyarados: 7/10
    vs screenshot-team: 0/10
  Snapshot saved as v1
  ★ New best vs heuristic: 60%

============================================================
Round 2/9
  Opponent: v0 (of 2 versions)
  [A] Training selection (2000 steps)...
